../Core/Src/main.c:104:6:LED_RGB_Set	16	static
../Core/Src/main.c:111:6:BuzzerSet	16	static
../Core/Src/main.c:119:6:Message_Alarm	8	static
../Core/Src/main.c:134:6:CheckDoor	8	static
../Core/Src/main.c:156:6:CHECK_SYSTEM	16	static
../Core/Src/main.c:228:9:ChooseTargetMode	8	static
../Core/Src/main.c:248:9:ChooseTargetTemp	8	static
../Core/Src/main.c:278:9:ChooseTargetTime	8	static
../Core/Src/main.c:313:6:Heating	16	static
../Core/Src/main.c:333:6:RunTimerMode	24	static
../Core/Src/main.c:379:6:RunNoTimerMode	24	static
../Core/Src/main.c:422:6:FinishWork	24	static
../Core/Src/main.c:456:5:main	16	static
../Core/Src/main.c:576:6:SystemClock_Config	72	static
../Core/Src/main.c:619:6:Error_Handler	4	static,ignoring_inline_asm
